[33mÔØ»[39m Building...
[32mÔ£ö[39m Building...
Application bundle generation failed. [3.642 seconds] - 2026-05-20T21:24:31.739Z

node.exe : 
[1m[33m[33mÔû▓ [43;
33m[[43;30mWARNING[43
;33m][0m [1mNG8107: 
NG8107: The left side 
of this optional chain 
operation does not 
include 'null' or 
'undefined' in its 
type, therefore the 
'?.' operator can be 
replaced with the '.' 
operator. Find more at 
https://v21.angular.dev
/extended-diagnostics/N
G8107[0m 
[1m[35m[plugin 
angular-compiler][0m
En línea: 1 Carácter: 1
+ & "C:\Program 
Files\nodejs/node.exe" 
"C:\Program 
Files\nodejs/node_mo 
...
+ ~~~~~~~~~~~~~~~~~~~~~
~~~~~~~~~~~~~~~~~~~~~~~
~~~~~~~~~~~~~~~~~~~~~~~
~~
    + CategoryInfo     
         : NotSpecifi  
  ed: ([1m[33m[33   
 mÔ...r-compiler][    
0m:String) [], Rem    
oteException
    + FullyQualifiedEr 
   rorId : NativeComm  
  andError
 

    src/app/auth/perfil
/perfil.html:193:32:
[37m      193 Ôöé     
        @if (wishlistIt
ems?.[32mlength[37m) 
{
          ÔòÁ          
                       
[32m~~~~~~[0m

  Warning occurs in 
the template of 
component 
PerfilComponent.

    src/app/auth/perfil
/perfil.ts:13:15:
[37m      13 Ôöé   
templateUrl: [32m'./pe
rfil.html'[37m,
         ÔòÁ           
     [32m~~~~~~~~~~~~~
~~[0m


[33mÔû▓ [43;33m[[43;
30mWARNING[43;33m][0m
 [1mNG8107: NG8107: 
The left side of this 
optional chain 
operation does not 
include 'null' or 
'undefined' in its 
type, therefore the 
'?.' operator can be 
replaced with the '.' 
operator. Find more at 
https://v21.angular.dev
/extended-diagnostics/N
G8107[0m 
[1m[35m[plugin 
angular-compiler][0m

    src/app/features/ad
min/reviews.ts:49:60:
[37m      49 Ôöé 
...product-name">{{ rev
iew.user?.[32mname[37
m || 'An├│nimo' }} {{ 
review.u...
         ÔòÁ           
                       
[32m~~~~[0m


[33mÔû▓ [43;33m[[43;
30mWARNING[43;33m][0m
 [1mNG8107: NG8107: 
The left side of this 
optional chain 
operation does not 
include 'null' or 
'undefined' in its 
type, therefore the 
'?.' operator can be 
replaced with the '.' 
operator. Find more at 
https://v21.angular.dev
/extended-diagnostics/N
G8107[0m 
[1m[35m[plugin 
angular-compiler][0m

    src/app/features/ad
min/reviews.ts:49:97:
[37m      49 Ôöé 
...ser?.name || 
'An├│nimo' }} {{ review
.user?[32m.lastNam[37
me || '' }}</div>
         ÔòÁ           
                       
           
[32m~~~~~~~~[0m


[33mÔû▓ [43;33m[[43;
30mWARNING[43;33m][0m
 [1mNG8107: NG8107: 
The left side of this 
optional chain 
operation does not 
include 'null' or 
'undefined' in its 
type, therefore the 
'?.' operator can be 
replaced with the '.' 
operator. Find more at 
https://v21.angular.dev
/extended-diagnostics/N
G8107[0m 
[1m[35m[plugin 
angular-compiler][0m

    src/app/features/ad
min/reviews.ts:90:38:
[37m      90 Ôöé ...  
        <h4>{{ review.u
ser?.[32mname[37m || 
'An├│nimo' }} {{ 
review.u...
         ÔòÁ           
                       
[32m~~~~[0m


[33mÔû▓ [43;33m[[43;
30mWARNING[43;33m][0m
 [1mNG8107: NG8107: 
The left side of this 
optional chain 
operation does not 
include 'null' or 
'undefined' in its 
type, therefore the 
'?.' operator can be 
replaced with the '.' 
operator. Find more at 
https://v21.angular.dev
/extended-diagnostics/N
G8107[0m 
[1m[35m[plugin 
angular-compiler][0m

    src/app/features/ad
min/reviews.ts:90:75:
[37m      90 Ôöé 
...user?.name || 
'An├│nimo' }} {{ review
.user?[32m.lastNam[37
me || '' }}</h4>
         ÔòÁ           
                       
            
[32m~~~~~~~~[0m


[33mÔû▓ [43;33m[[43;
30mWARNING[43;33m][0m
 [1mNG8113: 
RouterLink is not used 
within the template of 
ProductoDetalleComponen
t[0m [1m[35m[plugin 
angular-compiler][0m

    src/app/features/pr
oducto-detalle/producto
-detalle.ts:14:26:
[37m      14 Ôöé   
imports: 
[CommonModule, 
[32mRouterLink[37m],
         ÔòÁ           
                
[32m~~~~~~~~~~[0m


[33mÔû▓ [43;33m[[43;
30mWARNING[43;33m][0m
 [1mNG8107: NG8107: 
The left side of this 
optional chain 
operation does not 
include 'null' or 
'undefined' in its 
type, therefore the 
'?.' operator can be 
replaced with the '.' 
operator. Find more at 
https://v21.angular.dev
/extended-diagnostics/N
G8107[0m 
[1m[35m[plugin 
angular-compiler][0m

    src/app/features/re
senas/resenas.html:79:3
0:
[37m      79 Ôöé      
         {{ review.user
?.[32mname[37m ? revi
ew.user.name.charAt(0) 
: ...
         ÔòÁ           
                    
[32m~~~~[0m

  Warning occurs in 
the template of 
component Resenas.

    src/app/features/re
senas/resenas.ts:12:15:
[37m      12 Ôöé   
templateUrl: [32m'./re
senas.html'[37m,
         ÔòÁ           
     [32m~~~~~~~~~~~~~
~~~[0m


[33mÔû▓ [43;33m[[43;
30mWARNING[43;33m][0m
 [1mNG8107: NG8107: 
The left side of this 
optional chain 
operation does not 
include 'null' or 
'undefined' in its 
type, therefore the 
'?.' operator can be 
replaced with the '.' 
operator. Find more at 
https://v21.angular.dev
/extended-diagnostics/N
G8107[0m 
[1m[35m[plugin 
angular-compiler][0m

    src/app/features/re
senas/resenas.html:82:3
4:
[37m      82 Ôöé ...  
        <h4>{{ review.u
ser?.[32mname[37m || 
'Usuario' }} {{ 
review.us...
         ÔòÁ           
                       
[32m~~~~[0m

  Warning occurs in 
the template of 
component Resenas.

    src/app/features/re
senas/resenas.ts:12:15:
[37m      12 Ôöé   
templateUrl: [32m'./re
senas.html'[37m,
         ÔòÁ           
     [32m~~~~~~~~~~~~~
~~~[0m


[33mÔû▓ [43;33m[[43;
30mWARNING[43;33m][0m
 [1mNG8107: NG8107: 
The left side of this 
optional chain 
operation does not 
include 'null' or 
'undefined' in its 
type, therefore the 
'?.' operator can be 
replaced with the '.' 
operator. Find more at 
https://v21.angular.dev
/extended-diagnostics/N
G8107[0m 
[1m[35m[plugin 
angular-compiler][0m

    src/app/features/re
senas/resenas.html:82:7
1:
[37m      82 Ôöé 
....user?.name || 
'Usuario' }} {{ review.
user?.[32mlastName[37
m || '' }}</h4>
         ÔòÁ           
                       
              
[32m~~~~~~~~[0m

  Warning occurs in 
the template of 
component Resenas.

    src/app/features/re
senas/resenas.ts:12:15:
[37m      12 Ôöé   
templateUrl: [32m'./re
senas.html'[37m,
         ÔòÁ           
     [32m~~~~~~~~~~~~~
~~~[0m

[39m[22m
[1m[31m[31mX [41;31
m[[41;97mERROR[41;31m
][0m [1mTS2307: 
Cannot find module '../
../core/services/orders
.service' or its 
corresponding type 
declarations.[0m 
[1m[35m[plugin 
angular-compiler][0m

    src/app/features/ad
min/dashboard.ts:11:30:
[37m      11 Ôöé 
import { OrdersService 
} from [32m'../../core
/services/orders.servic
e'[37m;
         ÔòÁ           
                    [3
2m~~~~~~~~~~~~~~~~~~~~~
~~~~~~~~~~~~~~~[0m


[31mX [41;31m[[41;97
mERROR[41;31m][0m 
[1mTS2307: Cannot 
find module '../../core
/services/machines.serv
ice' or its 
corresponding type 
declarations.[0m 
[1m[35m[plugin 
angular-compiler][0m

    src/app/features/ad
min/dashboard.ts:12:32:
[37m      12 Ôöé ...t 
{ MachinesService } 
from [32m'../../core/s
ervices/machines.servic
e'[37m;
         ÔòÁ           
                    [3
2m~~~~~~~~~~~~~~~~~~~~~
~~~~~~~~~~~~~~~~~[0m


[31mX [41;31m[[41;97
mERROR[41;31m][0m 
[1mTS2571: Object is 
of type 'unknown'.[0m 
[1m[35m[plugin 
angular-compiler][0m

    src/app/features/ad
min/dashboard.ts:312:23
:
[37m      312 Ôöé     
  orders: safeCall([32
mthis.ordersService[37
m.getOrders()),
          ÔòÁ          
              [32m~~~~
~~~~~~~~~~~~~~[0m


[31mX [41;31m[[41;97
mERROR[41;31m][0m 
[1mTS2571: Object is 
of type 'unknown'.[0m 
[1m[35m[plugin 
angular-compiler][0m

    src/app/features/ad
min/dashboard.ts:313:25
:
[37m      313 Ôöé     
  machines: safeCall([
32mthis.machinesService
[37m.getMachines()),
          ÔòÁ          
                [32m~~
~~~~~~~~~~~~~~~~~~[0m


[31mX [41;31m[[41;97
mERROR[41;31m][0m 
[1mCould not resolve "
../../core/services/ord
ers.service"[0m

    src/app/features/ad
min/dashboard.ts:10:30:
[37m      10 Ôöé 
import { OrdersService 
} from [32m'../../core
/services/orders.servic
e'[37m;
         ÔòÁ           
                    [3
2m~~~~~~~~~~~~~~~~~~~~~
~~~~~~~~~~~~~~~[0m


[31mX [41;31m[[41;97
mERROR[41;31m][0m 
[1mCould not resolve "
../../core/services/mac
hines.service"[0m

    src/app/features/ad
min/dashboard.ts:11:32:
[37m      11 Ôöé ...t 
{ MachinesService } 
from [32m'../../core/s
ervices/machines.servic
e'[37m;
         ÔòÁ           
                    [3
2m~~~~~~~~~~~~~~~~~~~~~
~~~~~~~~~~~~~~~~~[0m

[39m[22m
